// Jest Snapshot v1, https://goo.gl/fbAQLP

exports[`Testing Cards component 1`] = `
<TouchableOpacity
  activeOpacity={0.8}
>
  <View
    style={89}
  >
    <View
      style={92}
    >
      <Text
        style={91}
      >
        N/A
      </Text>
    </View>
    <View
      style={93}
    >
      <Text
        style={90}
      >
        N/A
      </Text>
      <Text
        style={90}
      >
        N/A
      </Text>
    </View>
  </View>
</TouchableOpacity>
`;
